faderholdt@clx-gaia-slurm-login-01:~/faderholdt/build-gpu/ucc-tlcuda$ mpirun -np 8 --map-by socket -H dgx-gaia-48:8 -x PATH=$PATH -x LD_LIBRARY_PATH=$LD_LIBRARY_PATH -x UCC_CLS=hier,basic -x UCC_TLS=cuda,ucp -x UCC_TL_UCP_TUNE=alltoall:cuda:0 /swgwork/faderholdt/build-gpu/install.cuda/bin/ucc_perftest -c alltoallv -b 1 -e $((512*1024*1024)) -m cuda -M global -F
Rank    3       : dgx-gaia-48 - NVIDIA H100 80GB HBM3 0000:61:00.0
Rank    4       : dgx-gaia-48 - NVIDIA H100 80GB HBM3 0000:9D:00.0
Rank    5       : dgx-gaia-48 - NVIDIA H100 80GB HBM3 0000:C3:00.0
Rank    6       : dgx-gaia-48 - NVIDIA H100 80GB HBM3 0000:D1:00.0
Rank    2       : dgx-gaia-48 - NVIDIA H100 80GB HBM3 0000:52:00.0
Rank    0       : dgx-gaia-48 - NVIDIA H100 80GB HBM3 0000:1B:00.0
Rank    7       : dgx-gaia-48 - NVIDIA H100 80GB HBM3 0000:DF:00.0
Rank    1       : dgx-gaia-48 - NVIDIA H100 80GB HBM3 0000:43:00.0
Collective:             Alltoallv
Memory type:            cuda
Datatype:               float32
Reduction:              N/A
Inplace:                0
Warmup:
  small                 100
  large                 20
Iterations:
  small                 1000
  large                 200

       Count        Size                Time, us                       Bus Bandwidth, GB/s
                                 avg         min         max         avg         max         min
           8          32       37.13       36.68       37.54        0.00        0.00        0.00
          16          64       37.14       36.68       37.62        0.00        0.00        0.00
          32         128       36.76       36.34       37.20        0.00        0.00        0.00
          64         256       36.74       36.32       37.18        0.01        0.01        0.01
         128         512       36.10       35.71       36.40        0.01        0.01        0.01
         256        1024       35.78       35.41       36.28        0.03        0.03        0.02
         512        2048       35.88       35.50       36.34        0.05        0.05        0.05
        1024        4096       35.77       35.41       36.27        0.10        0.10        0.10
        2048        8192       35.88       35.45       36.31        0.20        0.20        0.20
        4096       16384       35.76       35.39       36.21        0.40        0.41        0.40
        8192       32768       35.95       35.58       36.42        0.80        0.81        0.79
       16384       65536       36.08       35.69       36.61        1.59        1.61        1.57
       32768      131072       36.32       35.96       36.81        3.16        3.19        3.12
       65536      262144       36.71       36.24       37.26        6.25        6.33        6.16
      131072      524288       37.42       37.03       37.90       12.26       12.39       12.10
      262144     1048576       39.51       39.12       40.02       23.22       23.45       22.93
      524288     2097152       43.10       42.65       43.52       42.57       43.02       42.17
     1048576     4194304       48.80       48.51       49.28       75.21       75.66       74.47
     2097152     8388608       61.75       61.45       62.28      118.86      119.46      117.85
     4194304    16777216       87.90       87.61       88.38      167.01      167.56      166.11
     8388608    33554432      130.08      129.81      130.51      225.70      226.17      224.96
    16777216    67108864      203.04      202.60      203.69      289.20      289.83      288.28
    33554432   134217728      365.82      365.44      366.35      321.03      321.37      320.57
    67108864   268435456      687.54      687.05      687.91      341.63      341.87      341.44
   134217728   536870912     1347.87     1347.35     1348.25      348.52      348.66      348.42
   268435456  1073741824     2636.53     2636.10     2637.03      356.35      356.41      356.28
   536870912  2147483648     5225.25     5224.82     5225.60      359.61      359.64      359.59
  1073741824  4294967296    10408.06    10407.64    10408.44      361.08      361.09      361.06
  2147483648  8589934592    20752.29    20751.89    20752.69      362.19      362.19      362.18
  4294967296 17179869184    41447.28    41446.83    41447.67      362.69      362.69      362.68
Total time: 84.044 ms
faderholdt@clx-gaia-slurm-login-01:~/faderholdt/build-gpu/ucc-tlcuda$ mpirun -np 8 --map-by socket -H dgx-gaia-48:8 -x PATH=$PATH -x LD_LIBRARY_PATH=$LD_LIBRARY_PATH -x UCC_CLS=hier,basic -x UCC_TLS=cuda,ucp -x UCC_TL_UCP_TUNE=alltoall:cuda:0 /swgwork/faderholdt/build-gpu/install.cuda/bin/ucc_perftest -c alltoallv -b 1 -e $((512*1024*1024)) -m cuda -M local -F
Rank    2       : dgx-gaia-48 - NVIDIA H100 80GB HBM3 0000:52:00.0
Rank    3       : dgx-gaia-48 - NVIDIA H100 80GB HBM3 0000:61:00.0
Rank    1       : dgx-gaia-48 - NVIDIA H100 80GB HBM3 0000:43:00.0
Rank    4       : dgx-gaia-48 - NVIDIA H100 80GB HBM3 0000:9D:00.0
Rank    0       : dgx-gaia-48 - NVIDIA H100 80GB HBM3 0000:1B:00.0
Rank    5       : dgx-gaia-48 - NVIDIA H100 80GB HBM3 0000:C3:00.0
Rank    6       : dgx-gaia-48 - NVIDIA H100 80GB HBM3 0000:D1:00.0
Rank    7       : dgx-gaia-48 - NVIDIA H100 80GB HBM3 0000:DF:00.0
Collective:             Alltoallv
Memory type:            cuda
Datatype:               float32
Reduction:              N/A
Inplace:                0
Warmup:
  small                 100
  large                 20
Iterations:
  small                 1000
  large                 200

       Count        Size                Time, us                       Bus Bandwidth, GB/s
                                 avg         min         max         avg         max         min
           8          32       35.13       34.17       35.70        0.00        0.00        0.00
          16          64       35.07       34.14       35.64        0.00        0.00        0.00
          32         128       34.86       33.88       35.42        0.00        0.00        0.00
          64         256       34.87       33.90       35.45        0.01        0.01        0.01
         128         512       34.81       33.86       35.37        0.01        0.01        0.01
         256        1024       34.86       33.93       35.41        0.03        0.03        0.03
         512        2048       34.94       34.00       35.48        0.05        0.05        0.05
        1024        4096       34.83       33.89       35.38        0.10        0.11        0.10
        2048        8192       34.96       34.01       35.50        0.21        0.21        0.20
        4096       16384       35.26       34.32       35.82        0.41        0.42        0.40
        8192       32768       35.01       34.06       35.58        0.82        0.84        0.81
       16384       65536       35.32       34.35       35.91        1.62        1.67        1.60
       32768      131072       35.39       34.42       35.95        3.24        3.33        3.19
       65536      262144       35.93       34.95       36.45        6.38        6.56        6.29
      131072      524288       36.71       35.69       37.29       12.50       12.86       12.30
      262144     1048576       38.15       37.20       38.73       24.05       24.66       23.69
      524288     2097152       42.03       41.05       42.66       43.66       44.70       43.02
     1048576     4194304       48.70       47.72       49.26       75.36       76.92       74.50
     2097152     8388608       59.11       58.00       59.75      124.17      126.55      122.85
     4194304    16777216       87.27       86.33       87.83      168.22      170.06      167.14
     8388608    33554432      124.55      123.86      125.28      235.74      237.05      234.36
    16777216    67108864      202.61      201.85      203.14      289.83      290.91      289.06
    33554432   134217728      368.04      367.13      368.55      319.10      319.89      318.66
    67108864   268435456      693.73      692.98      694.29      338.58      338.95      338.30
   134217728   536870912     1346.68     1345.93     1347.38      348.83      349.02      348.65
   268435456  1073741824     2637.98     2637.24     2638.74      356.15      356.25      356.05
   536870912  2147483648     5225.65     5225.31     5226.06      359.58      359.61      359.55
  1073741824  4294967296    10409.60    10409.19    10410.03      361.02      361.04      361.01
  2147483648  8589934592    20759.01    20758.60    20759.25      362.07      362.08      362.06
  4294967296 17179869184    41457.17    41456.78    41457.50      362.60      362.60      362.60
Total time: 84.0448 ms

faderholdt@clx-gaia-slurm-login-01:~/faderholdt/build-gpu/ucc-tlcuda$ mpirun -np 8 --map-by socket -H dgx-gaia-48:8 -x PATH=$PATH -x LD_LIBRARY_PATH=$LD_LIBRARY_PATH -x UCC_CLS=hier,basic -x UCC_TLS=cuda,ucp -x UCC_TL_UCP_TUNE=alltoall:cuda:0 /swgwork/faderholdt/build-gpu/install.cuda/bin/ucc_perftest -c alltoallv -b 1 -e $((512*1024*1024)) -m cuda -F
Rank    0       : dgx-gaia-48 - NVIDIA H100 80GB HBM3 0000:1B:00.0
Rank    6       : dgx-gaia-48 - NVIDIA H100 80GB HBM3 0000:D1:00.0
Rank    3       : dgx-gaia-48 - NVIDIA H100 80GB HBM3 0000:61:00.0
Rank    1       : dgx-gaia-48 - NVIDIA H100 80GB HBM3 0000:43:00.0
Rank    7       : dgx-gaia-48 - NVIDIA H100 80GB HBM3 0000:DF:00.0
Rank    5       : dgx-gaia-48 - NVIDIA H100 80GB HBM3 0000:C3:00.0
Rank    4       : dgx-gaia-48 - NVIDIA H100 80GB HBM3 0000:9D:00.0
Rank    2       : dgx-gaia-48 - NVIDIA H100 80GB HBM3 0000:52:00.0
Collective:             Alltoallv
Memory type:            cuda
Datatype:               float32
Reduction:              N/A
Inplace:                0
Warmup:
  small                 100
  large                 20
Iterations:
  small                 1000
  large                 200

       Count        Size                Time, us                       Bus Bandwidth, GB/s
                                 avg         min         max         avg         max         min
           8          32       36.70       36.38       37.14        0.00        0.00        0.00
          16          64       36.68       36.38       37.16        0.00        0.00        0.00
          32         128       36.47       36.09       36.98        0.00        0.00        0.00
          64         256       36.39       36.06       36.91        0.01        0.01        0.01
         128         512       36.57       36.28       37.10        0.01        0.01        0.01
         256        1024       36.85       36.53       37.23        0.02        0.02        0.02
         512        2048       36.46       36.18       36.93        0.05        0.05        0.05
        1024        4096       36.47       36.14       37.18        0.10        0.10        0.10
        2048        8192       36.46       36.15       36.95        0.20        0.20        0.19
        4096       16384       36.52       36.24       36.96        0.39        0.40        0.39
        8192       32768       36.62       36.32       37.07        0.78        0.79        0.77
       16384       65536       36.72       36.45       37.18        1.56        1.57        1.54
       32768      131072       36.97       36.72       37.40        3.10        3.12        3.07
       65536      262144       37.23       36.92       37.68        6.16        6.21        6.09
      131072      524288       38.33       38.04       38.81       11.97       12.06       11.82
      262144     1048576       40.25       40.01       40.63       22.80       22.93       22.58
      524288     2097152       43.67       43.28       44.06       42.02       42.40       41.64
     1048576     4194304       49.76       49.52       50.25       73.75       74.10       73.04
     2097152     8388608       62.83       62.50       63.30      116.82      117.44      115.97
     4194304    16777216       90.58       90.16       91.03      162.07      162.83      161.27
     8388608    33554432      125.79      125.33      126.24      233.41      234.25      232.57
    16777216    67108864      203.62      203.24      204.04      288.38      288.93      287.78
    33554432   134217728      365.18      364.84      365.55      321.60      321.90      321.27
    67108864   268435456      693.45      692.97      693.84      338.72      338.95      338.53
   134217728   536870912     1347.68     1347.19     1348.04      348.57      348.70      348.48
   268435456  1073741824     2637.99     2637.55     2638.34      356.15      356.21      356.10
   536870912  2147483648     5229.78     5229.42     5230.05      359.30      359.32      359.28
  1073741824  4294967296    10415.52    10415.30    10415.83      360.82      360.82      360.81
  2147483648  8589934592    20756.62    20756.17    20756.97      362.11      362.12      362.10
  4294967296 17179869184    41453.78    41453.35    41454.08      362.63      362.63      362.63
Total time: 84.0809 ms
